// Jest Snapshot v1, https://goo.gl/fbAQLP

exports[`<sideNav/> render side menu 1`] = `<Fragment />`;
